// Jest Snapshot v1, https://goo.gl/fbAQLP

exports[`404 Page when render should match snapshot 1`] = `
<DocumentFragment>
  <div
    class="css-0"
  >
    <p
      class="chakra-text css-0"
    >
      404 Not Found
    </p>
  </div>
</DocumentFragment>
`;
