// Jest Snapshot v1, https://goo.gl/fbAQLP

exports[`SEO should render correctly 1`] = `<DocumentFragment />`;
